// v0.1

>> STM <<
* Fix about popup message. your arerunning version...
* Remove the Log.d messages
* --Try lowering minsdk for 1.5
* --Lighten the gray tabs


Fast and stable



>> TASKS <<

>> BUGS << 

>> TESTING <<
* Does the camera image disappear when it sits ... maybe from switchingtabs.
* do the radio prefs save and pull up in the icon radio popup and in the options menu radio icons.


// v0.2
* Move feedback to it's own options menu item
* Array to indicate which type a choice is. Like under the alerts tab, can have feeds in atom or rss, or images.
* Make feedback menu option
* Make a fading vertical bar as a background image for the top and bottom nav bars
* Add a boolean toggle that indicates if it is the paid version or free version.
* Rename navbar to bottomnav
* Rename Prefs class to CameraPrefs
* bug - Hit refresh on a camera, quickly switch tab. camera will refresh but will be on the other tab. Make the html call a jsi in to set the tab to the right page.



>> Layout <<

>> New Features <<
* Get an android widdler
* Make incident feed pass number to overlay on incident tab icon (http://stackoverflow.com/questions/2317617/how-to-keep-text-on-imageview-in-android)
* Close the other exp. listview items as each new group is opened
* Remember expanded list view camera previously chosen so when it is relaunched, starts out at the previously launched camera.  Or maybe just start at the mainroad group with is closed so they can open it or scroll easily to another group.

>> Cleanup code <<




>> Bugs <<
//
// App dies - go from camera popup to back button over and over fast. May be bc of too many toast messages. 
//
D/** osilabs.com **(31094): reloadViews()
I/DEBUG   (15683): pid: 31094, tid: 31101  >>> com.osilabs.android.apps.seattletraffic <<<
I/ActivityManager( 1307): Process com.osilabs.android.apps.seattletraffic (pid 31094) has died.
I/WindowManager( 1307): WIN DEATH: Window{45187e20 com.osilabs.android.apps.seattletraffic/com.osilabs.android.apps.seattletraffic.SeattleTraffic paused=false}
I/UsageStats( 1307): Unexpected resume of com.android.launcher while already resumed in com.osilabs.android.apps.seattletraffic
W/InputManagerService( 1307): Got RemoteException sending setActive(false) notification to pid 31094 uid 10081
-----------------------
D/** osilabs.com **(18219): onStart
I/ActivityManager( 1307): Displayed activity com.osilabs.android.apps.seattletraffic/.SeattleTraffic: 10334 ms (total 10334 ms)
I/ActivityManager( 1307): Starting activity: Intent { cmp=com.osilabs.android.apps.seattletraffic/.CameraELV }
I/ActivityManager( 1307): Displayed activity com.osilabs.android.apps.seattletraffic/.CameraELV: 292 ms (total 292 ms)
E/KINETO  ( 1438): KLOG0C3- xmk_QueryOSQueue SDL Queue empty : WAIT_FOREVER 
E/KINETO  ( 1438): KLOG0A3- ibs_os_GetMsg: Timeout forever for UKCC qHnd 0x80c3503c
D/** osilabs.com **(18219): onStart
I/ActivityManager( 1307): Starting activity: Intent { cmp=com.osilabs.android.apps.seattletraffic/.CameraELV }
I/ActivityManager( 1307): Displayed activity com.osilabs.android.apps.seattletraffic/.CameraELV: 283 ms (total 283 ms)
W/KeyCharacterMap(18219): No keyboard for id 65541
W/KeyCharacterMap(18219): Using default keymap: /system/usr/keychars/qwerty.kcm.bin
D/** osilabs.com **(18219): onStart
E/KINETO  ( 1438): KLOG0C3- xmk_QueryOSQueue SDL Queue empty : WAIT_FOREVER 
E/KINETO  ( 1438): KLOG0A3- ibs_os_GetMsg: Timeout forever for UKCC qHnd 0x80c3503c
I/ActivityManager( 1307): Starting activity: Intent { cmp=com.osilabs.android.apps.seattletraffic/.CameraELV }
I/ActivityManager( 1307): Displayed activity com.osilabs.android.apps.seattletraffic/.CameraELV: 311 ms (total 311 ms)
E/KINETO  ( 1438): KLOG0C3- xmk_QueryOSQueue SDL Queue empty : WAIT_FOREVER 
E/KINETO  ( 1438): KLOG0A3- ibs_os_GetMsg: Timeout forever for UKCC qHnd 0x80c3503c
E/KINETO  ( 1438): KLOG103- Recevied GANSWITCH_NETWORK_STATE_IND
E/KINETO  ( 1438): KLOG103- ganswitch_network_state_ind regnStatus=1
E/KINETO  ( 1438): KLOG0C3- UKCCQueuePost : Enter len =%d 
E/KINETO  ( 1438): KLOG084-  01 00 09 02 00 00 00 00
E/KINETO  ( 1438): 
W/KeyCharacterMap(18219): No keyboard for id 65541
W/KeyCharacterMap(18219): Using default keymap: /system/usr/keychars/qwerty.kcm.bin
D/** osilabs.com **(18219): onStart
I/DEBUG   (15683): pid: 18219, tid: 18226  >>> com.osilabs.android.apps.seattletraffic <<<
E/KINETO  ( 1438): KLOG0C4- xInEnv: 0x2ad700 --> 0x2ad700, opcode=521
E/KINETO  ( 1438): KLOG0C4- AsGanRrModeIndEncoder
E/KINETO  ( 1438): KLOG0C4- AsGanRrModeIndEncoder: rrmode 0
E/KINETO  ( 1438): KLOG0C4- SendIpaGsmRRState
E/KINETO  ( 1438): KLOG0C4- SendIpcDataReq 0xa6
E/KINETO  ( 1438): KLOG0C4- IPC_SEND 3331
E/KINETO  ( 1438): KLOG0C3- GAN_OS_sendIpcMessage : Enter
E/KINETO  ( 1438): KLOG003- IPA_MSG_GSM_RR_STATE event
E/KINETO  ( 1438): KLOG0C4- XMK_SEND_ENV: id=218 recv=3
E/KINETO  ( 1438): KLOG0C4- xmk_Send: 254 -> 3, id=218
E/KINETO  ( 1438): KLOG0C4- snd: 254 recv: 3 sig: 218 prio: 100
E/KINETO  ( 1438): KLOG0C4- NewState: Process 3 to State 254, Symbol 59
E/KINETO  ( 1438): KLOG0C3- xmk_QueryOSQueue SDL Queue empty : WAIT_FOREVER 
E/KINETO  ( 1438): KLOG0A3- ibs_os_GetMsg: Timeout forever for UKCC qHnd 0x80c3503c
E/KINETO  ( 1438): KLOG004- GSM RR State: 0 - UMA RR State: 3
I/ActivityManager( 1307): Process com.osilabs.android.apps.seattletraffic (pid 18219) has died.
I/WindowManager( 1307): WIN DEATH: Window{4502c890 com.osilabs.android.apps.seattletraffic/com.osilabs.android.apps.seattletraffic.SeattleTraffic paused=false}
W/WindowManager( 1307): Failed looking up window
W/WindowManager( 1307): java.lang.IllegalArgumentException: Requested window android.os.BinderProxy@44fb9780 does not exist
W/WindowManager( 1307): 	at com.android.server.WindowManagerService.windowForClientLocked(WindowManagerService.java:9346)
W/WindowManager( 1307): 	at com.android.server.WindowManagerService.windowForClientLocked(WindowManagerService.java:9337)
W/WindowManager( 1307): 	at com.android.server.WindowManagerService$WindowState$DeathRecipient.binderDied(WindowManagerService.java:8223)
W/WindowManager( 1307): 	at android.os.BinderProxy.sendDeathNotice(Binder.java:346)
W/WindowManager( 1307): 	at dalvik.system.NativeStart.run(Native Method)
I/UsageStats( 1307): Unexpected resume of com.android.launcher while already resumed in com.osilabs.android.apps.seattletraffic
W/InputManagerService( 1307): Got RemoteException sending setActive(false) notification to pid 18219 uid 10119
W/NotificationService( 1307): Object died trying to hide notification android.app.ITransientNotification$Stub$Proxy@45237f80 in package com.osilabs.android.apps.seattletraffic
W/ActivityManager( 1307): setProcessForeground called on unknown pid: 18219
W/NotificationService( 1307): Object died trying to show notification android.app.ITransientNotification$Stub$Proxy@45185960 in package com.osilabs.android.apps.seattletraffic
W/ActivityManager( 1307): setProcessForeground called on unknown pid: 18219
---------------------------------
I/ActivityManager( 1307): Displayed activity com.osilabs.android.apps.seattletraffic/.CameraELV: 311 ms (total 311 ms)
D/** osilabs.com **(18453): onStart
E/KINETO  ( 1438): KLOG103- Recevied GANSWITCH_NETWORK_STATE_IND
E/KINETO  ( 1438): KLOG103- ganswitch_network_state_ind regnStatus=1
E/KINETO  ( 1438): KLOG0C3- UKCCQueuePost : Enter len =%d 
E/KINETO  ( 1438): KLOG084-  01 00 09 02 00 00 00 00
E/KINETO  ( 1438): 
E/KINETO  ( 1438): KLOG0C4- xInEnv: 0x2ad700 --> 0x2ad700, opcode=521
E/KINETO  ( 1438): KLOG0C4- AsGanRrModeIndEncoder
E/KINETO  ( 1438): KLOG0C4- AsGanRrModeIndEncoder: rrmode 0
E/KINETO  ( 1438): KLOG0C4- SendIpaGsmRRState
E/KINETO  ( 1438): KLOG0C4- SendIpcDataReq 0xa6
E/KINETO  ( 1438): KLOG0C4- IPC_SEND 3331
E/KINETO  ( 1438): KLOG0C3- GAN_OS_sendIpcMessage : Enter
E/KINETO  ( 1438): KLOG003- IPA_MSG_GSM_RR_STATE event
E/KINETO  ( 1438): KLOG0C4- XMK_SEND_ENV: id=218 recv=3
E/KINETO  ( 1438): KLOG0C4- xmk_Send: 254 -> 3, id=218
E/KINETO  ( 1438): KLOG0C4- snd: 254 recv: 3 sig: 218 prio: 100
E/KINETO  ( 1438): KLOG0C4- NewState: Process 3 to State 254, Symbol 59
E/KINETO  ( 1438): KLOG0C3- xmk_QueryOSQueue SDL Queue empty : WAIT_FOREVER 
E/KINETO  ( 1438): KLOG0A3- ibs_os_GetMsg: Timeout forever for UKCC qHnd 0x80c3503c
E/KINETO  ( 1438): KLOG004- GSM RR State: 0 - UMA RR State: 3
I/DEBUG   (15683): pid: 18453, tid: 18460  >>> com.osilabs.android.apps.seattletraffic <<<
I/ActivityManager( 1307): Process com.osilabs.android.apps.seattletraffic (pid 18453) has died.
I/WindowManager( 1307): WIN DEATH: Window{44fcb620 com.osilabs.android.apps.seattletraffic/com.osilabs.android.apps.seattletraffic.SeattleTraffic paused=false}
I/UsageStats( 1307): Unexpected resume of com.android.launcher while already resumed in com.osilabs.android.apps.seattletraffic
W/InputManagerService( 1307): Got RemoteException sending setActive(false) notification to pid 18453 uid 10119
W/NotificationService( 1307): Object died trying to hide notification android.app.ITransientNotification$Stub$Proxy@450c27e0 in package com.osilabs.android.apps.seattletraffic
W/ActivityManager( 1307): setProcessForeground called on unknown pid: 18453
W/NotificationService( 1307): Object died trying to show notification android.app.ITransientNotification$Stub$Proxy@450c1b98 in package com.osilabs.android.apps.seattletraffic
W/ActivityManager( 1307): setProcessForeground called on unknown pid: 18453

-----------------------------

D/** osilabs.com **(28782): reloadViews()
D/** osilabs.com **(28782): onStart
D/** osilabs.com **(28782): reloadViews()
I/DEBUG   (15683): pid: 28782, tid: 28789  >>> com.osilabs.android.apps.seattletraffic <<<
I/ActivityManager( 1307): Process com.osilabs.android.apps.seattletraffic (pid 28782) has died.
I/WindowManager( 1307): WIN DEATH: Window{4500bfa0 com.osilabs.android.apps.seattletraffic/com.osilabs.android.apps.seattletraffic.SeattleTraffic paused=false}
I/WindowManager( 1307): WIN DEATH: Window{451acaf8 com.osilabs.android.apps.seattletraffic/com.osilabs.android.apps.seattletraffic.CameraELV paused=false}
I/UsageStats( 1307): Unexpected resume of com.android.launcher while already resumed in com.osilabs.android.apps.seattletraffic
W/InputManagerService( 1307): Got RemoteException sending setActive(false) notification to pid 28782 uid 10119
W/NotificationService( 1307): Object died trying to hide notification android.app.ITransientNotification$Stub$Proxy@4520a9f8 in package com.osilabs.android.apps.seattletraffic
W/ActivityManager( 1307): setProcessForeground called on unknown pid: 28782
W/NotificationService( 1307): Object died trying to show notification android.app.ITransientNotification$Stub$Proxy@4520cde8 in package com.osilabs.android.apps.seattletraffic
W/ActivityManager( 1307): setProcessForeground called on unknown pid: 28782


//
//
// JumpTo errors
//
//
uid=10119 gids={3003}
D/** osilabs.com **(29698): onCreate
D/** osilabs.com **(29698): onStart
D/** osilabs.com **(29698): reloadViews()
I/ActivityManager( 1307): Displayed activity com.osilabs.android.apps.seattletraffic/.SeattleTraffic: 404 ms (total 404 ms)
E/Web Console(29698): Uncaught ReferenceError: jumpTo is not defined at :1




Scanner radio error
--------
D/** osilabs.com **(30857): Scanner node: 24109
W/InputManagerService( 1307): Window already focused, ignoring focus gain of: com.android.internal.view.IInputMethodClient$Stub$Proxy@451afdf0
W/InputManagerService( 1307): Starting input on non-focused client com.android.internal.view.IInputMethodClient$Stub$Proxy@451ed8d0 (uid=10086 pid=30888)
W/InputManagerService( 1307): Client not active, ignoring focus gain of: com.android.internal.view.IInputMethodClient$Stub$Proxy@45293da0
E/PlayerActivity(30888): onServiceConnected: caught exception: java.lang.NullPointerException
W/System.err(30888): java.lang.NullPointerException
W/System.err(30888): 	at com.scannerradio.PlayerActivity$3.onServiceConnected(PlayerActivity.java:880)
W/System.err(30888): 	at android.app.ActivityThread$PackageInfo$ServiceDispatcher.doConnected(ActivityThread.java:1247)
W/System.err(30888): 	at android.app.ActivityThread$PackageInfo$ServiceDispatcher$RunConnection.run(ActivityThread.java:1264)
W/System.err(30888): 	at android.os.Handler.handleCallback(Handler.java:587)
W/System.err(30888): 	at android.os.Handler.dispatchMessage(Handler.java:92)
W/System.err(30888): 	at android.os.Looper.loop(Looper.java:123)
W/System.err(30888): 	at android.app.ActivityThread.main(ActivityThread.java:4627)
W/System.err(30888): 	at java.lang.reflect.Method.invokeNative(Native Method)
W/System.err(30888): 	at java.lang.reflect.Method.invoke(Method.java:521)
W/System.err(30888): 	at com.android.internal.os.ZygoteInit$MethodAndArgsCaller.run(ZygoteInit.java:868)
W/System.err(30888): 	at com.android.internal.os.ZygoteInit.main(ZygoteInit.java:626)
W/System.err(30888): 	at dalvik.system.NativeStart.main(Native Method)
W/InputManagerService( 1307): Starting input on non-focused client com.android.internal.view.IInputMethodClient$Stub$Proxy@44de4418 (uid=10119 pid=30857)
W/webcore (30888): Can't get the viewWidth after the first layout
W/webcore (30888): Can't get the viewWidth after the first layout
W/ActivityManager( 1307): Activity destroy timeout for HistoryRecord{44e46420 com.scannerradio/.DirectoryActivity}
